src/app/(dashboard)/finance/accounts/[id]/page.tsx(81,30): error TS2304: Cannot find name 'cn'.
src/app/(dashboard)/payments/payment-form.tsx(183,38): error TS2304: Cannot find name 'cn'.
src/app/(dashboard)/payments/payment-form.tsx(216,46): error TS2304: Cannot find name 'cn'.
